C51 COMPILER V9.01   KEYBOARD                                                              04/19/2016 20:03:16 PAGE 1   


C51 COMPILER V9.01, COMPILATION OF MODULE KEYBOARD
OBJECT MODULE PLACED IN keyboard.OBJ
COMPILER INVOKED BY: C:\Keil\C51\BIN\C51.EXE keyboard.c BROWSE DEBUG OBJECTEXTEND

line level    source

   1          #include  "reg52.h"
   2          #include "SR04.h"
   3          #include "timer.h"
   4          
   5          short int checkkey(void)
   6          {       
   7   1              unsigned char n;
   8   1              P2=0xf0;
   9   1              n=P2;
  10   1              if(n!=0xf0)
  11   1                      return 1;
  12   1              else
  13   1                      return 0;
  14   1      }
  15          int key()
  16          {
  17   1              int NO=0;
  18   1              int sign=1;
  19   1              unsigned char i,j;
  20   1         while(sign)
  21   1              {  
  22   2                      if(sr04() == 1)//距离在6厘米内
  23   2                      {
  24   3                        return 100; // 返回标志信号
  25   3                      }
  26   2                       
  27   2                      if(checkkey()==1)
  28   2                {     
  29   3                       delay(1);
  30   3                        if(checkkey()==1)
  31   3                              P2=0xf0;
  32   3                              i=P2;
  33   3                              P2=0x0f;
  34   3                              j=P2;
  35   3                              i=i|j;
  36   3                              switch(i)
  37   3                              {   
  38   4                                      case 0x7e:NO=0,sign=0;break;
  39   4                                      case 0xbe:NO=1,sign=0;break;
  40   4                                      case 0xde:NO=2,sign=0;break;
  41   4                                      case 0xee:NO=3,sign=0;break;
  42   4                                      case 0x7d:NO=4,sign=0;break;
  43   4                                      case 0xbd:NO=5,sign=0;break;
  44   4                                      case 0xdd:NO=6,sign=0;break;
  45   4                                      case 0xed:NO=7,sign=0;break;
  46   4                                      case 0x7b:NO=8,sign=0;break;
  47   4                                      case 0xbb:NO=9,sign=0;break;
  48   4                                      case 0xdb:NO=10,sign=0;break;
  49   4                                      case 0xeb:NO=11,sign=0;break;
  50   4                                      case 0x77:NO=12,sign=0;break;
  51   4                                      case 0xb7:NO=13,sign=0;break;
  52   4                                      case 0xd7:NO=14,sign=0;break;
  53   4                                      case 0xe7:NO=15,sign=0;break;
  54   4                      }
  55   3                               while(checkkey()==1); //等待按键弹起
C51 COMPILER V9.01   KEYBOARD                                                              04/19/2016 20:03:16 PAGE 2   

  56   3              }
  57   2              
  58   2                      }
  59   1              return NO;
  60   1      }


MODULE INFORMATION:   STATIC OVERLAYABLE
   CODE SIZE        =    308    ----
   CONSTANT SIZE    =   ----    ----
   XDATA SIZE       =   ----    ----
   PDATA SIZE       =   ----    ----
   DATA SIZE        =   ----       4
   IDATA SIZE       =   ----    ----
   BIT SIZE         =   ----    ----
END OF MODULE INFORMATION.


C51 COMPILATION COMPLETE.  0 WARNING(S),  0 ERROR(S)
